Restore Archived Project report for GoldMinerGame
Tue Jan 20 13:59:25 2026
Quartus Prime Version 17.0.0 Build 595 04/25/2017 SJ Lite Edition


---------------------
; Table of Contents ;
---------------------
  1. Legal Notice
  2. Restore Archived Project Summary
  3. Restore Archived Project Messages
  4. Files Restored
  5. Files Not Restored



----------------
; Legal Notice ;
----------------
Copyright (C) 2017  Intel Corporation. All rights reserved.
Your use of Intel Corporation's design tools, logic functions 
and other software and tools, and its AMPP partner logic 
functions, and any output files from any of the foregoing 
(including device programming or simulation files), and any 
associated documentation or information are expressly subject 
to the terms and conditions of the Intel Program License 
Subscription Agreement, the Intel Quartus Prime License Agreement,
the Intel MegaCore Function License Agreement, or other 
applicable license agreement, including, without limitation, 
that your use is for the sole purpose of programming logic 
devices manufactured by Intel and sold by Intel or its 
authorized distributors.  Please refer to the applicable 
agreement for further details.



+-------------------------------------------------------------------------+
; Restore Archived Project Summary                                        ;
+---------------------------------+---------------------------------------+
; Restore Archived Project Status ; Successful - Tue Jan 20 13:59:25 2026 ;
; Revision Name                   ; GoldMinerGame                         ;
; Top-level Entity Name           ; TOP_GOLD_MINER_GAME                   ;
; Family                          ; Cyclone V                             ;
+---------------------------------+---------------------------------------+


+-----------------------------------+
; Restore Archived Project Messages ;
+-----------------------------------+
Info: Successfully restored 'C:/Users/nirko/Documents/Degree/Electrical_Eng_Lab_1/Gold_Miner_FPGA/QARs/gold_miner_mvp_v2.qar' into the 'C:\\Users\\nirko\\Documents\\Degree\\Electrical_Eng_Lab_1\\Gold_Miner_FPGA\\game/' directory
Info: Generated report 'GoldMinerGame.restore.rpt'
Info (23030): Evaluation of Tcl script c:/intelfpga_lite/17.0/quartus/common/tcl/apps/qpm/qar.tcl was successful
Info: Quartus Prime Shell was successful. 0 errors, 0 warnings
    Info: Peak virtual memory: 4829 megabytes
    Info: Processing ended: Tue Jan 20 13:59:25 2026
    Info: Elapsed time: 00:00:09
    Info: Total CPU time (on all processors): 00:00:02


+------------------------------------------------------------+
; Files Restored                                             ;
+------------------------------------------------------------+
; File Name                                                  ;
+------------------------------------------------------------+
; qar_info.json                                              ;
; CLK_31P5.cmp                                               ;
; CLK_31P5.qip                                               ;
; CLK_31P5.sip                                               ;
; CLK_31P5.spd                                               ;
; CLK_31P5.v                                                 ;
; CLK_31P5/CLK_31P5_0002.qip                                 ;
; CLK_31P5/CLK_31P5_0002.v                                   ;
; CLK_31P5_sim/CLK_31P5.vo                                   ;
; DE10_Standard_Audio.sdc                                    ;
; GoldMinerGame.qpf                                          ;
; GoldMinerGame.qsf                                          ;
; GoldMinerGame_assignment_defaults.qdf                      ;
; KBDINTF.qxp                                                ;
; RTL/AUDIO/AUDIO.bdf                                        ;
; RTL/AUDIO/JukeBox1.sv                                      ;
; RTL/AUDIO/Mili_sec_counter.sv                              ;
; RTL/AUDIO/SinTable.sv                                      ;
; RTL/AUDIO/ToneDecoder.sv                                   ;
; RTL/AUDIO/addr_counter.sv                                  ;
; RTL/AUDIO/audio_codec_controller/DualSerial2parallel.sv    ;
; RTL/AUDIO/audio_codec_controller/audio_codec_controller.sv ;
; RTL/AUDIO/audio_codec_controller/clock_500.sv              ;
; RTL/AUDIO/audio_codec_controller/i2c.sv                    ;
; RTL/AUDIO/melody_player_1.sv                               ;
; RTL/AUDIO/prescaler.sv                                     ;
; RTL/GameAndObjectsLogics/Claw_Block_Top.bdf                ;
; RTL/GameAndObjectsLogics/claw_move.sv                      ;
; RTL/GameAndObjectsLogics/game_controller.sv                ;
; RTL/GameAndObjectsLogics/level_fsm.sv                      ;
; RTL/GameAndObjectsLogics/loot_matrix.sv                    ;
; RTL/GameAndObjectsLogics/score_board_draw.sv               ;
; RTL/KEYBOARDX/TOP_KBD.bdf                                  ;
; RTL/KEYBOARDX/keyPad_decoder.sv                            ;
; RTL/KEYBOARDX/random.sv                                    ;
; RTL/KEYBOARDX/simple_up_counter.sv                         ;
; RTL/Seg7/SEG7.SV                                           ;
; RTL/TOP_GOLD_MINER_GAME.bdf                                ;
; RTL/Timer/Timer_Block.bdf                                  ;
; RTL/Timer/check_timer_end.sv                               ;
; RTL/Timer/digit_object_mux.sv                              ;
; RTL/Utils/circle_object.sv                                 ;
; RTL/Utils/down_counter.sv                                  ;
; RTL/Utils/one_sec_counter.sv                               ;
; RTL/VGA/Bitmaps/LootBitMaps.sv                             ;
; RTL/VGA/Bitmaps/MinerBitMap.sv                             ;
; RTL/VGA/Bitmaps/NumbersBitMap.sv                           ;
; RTL/VGA/Bitmaps/claw_bitmap.sv                             ;
; RTL/VGA/MyConstant.sv                                      ;
; RTL/VGA/VGA_Controller.sv                                  ;
; RTL/VGA/back_ground_draw.sv                                ;
; RTL/VGA/line_object.sv                                     ;
; RTL/VGA/loot_display_top.bdf                               ;
; RTL/VGA/objects_mux.sv                                     ;
; RTL/VGA/square_object.sv                                   ;
; RTL/VGA/valX.bsf                                           ;
; RTL/VGA/valX.qip                                           ;
; RTL/VGA/valX.v                                             ;
; RTL/VGA/valX_bb.v                                          ;
; RTL/VGA/valX_inst.v                                        ;
; Waveform.vwf                                               ;
; Waveform1.vwf                                              ;
; Waveform2.vwf                                              ;
; Waveform3.vwf                                              ;
; Waveform4.vwf                                              ;
; assignment_defaults.qdf                                    ;
; constraints/DE10_Standard_Audio.sdc                        ;
; constraints/pin.tcl                                        ;
; db/claw_check_auto_stripped.stp                            ;
; output_files/claw_check.stp                                ;
; rtl/vga/bitmaps/gm_background.mif                          ;
+------------------------------------------------------------+


+--------------------+
; Files Not Restored ;
+--------------------+
; File Name          ;
+--------------------+


